[21:56:49.070] Try reusing port from lock file: 9018
[21:56:49.095] Server listening on port 9018, PID 33304
[21:56:49.106] readProjectFiles, Found 41 files to read.
[21:56:49.159] Starting PAI Cloud Dev...
[21:56:49.398] [Preview Server] Frontend connected, clients size = 1
[21:56:49.429] [PAI SDK] createCloudSession response: {
  "code": 0,
  "msg": "success",
  "sandboxId": "vefaas-f0vkicge-pyw70jixna-d8incqg2ru0lkmpibtp0-sandbox",
  "endpoint": "https://sd62opo6oqou1ckhsuo00.apigateway-cn-beijing.volceapi.com"
}
[21:56:49.497] [PAI SDK] cloudServer.start called, appId: pai-preview-trae-7f15225b
[21:56:49.828] [PAI SDK] Received event: log {"content":"\n> taro_template@1.0.0 dev:h5\n> npm run build:h5 -- --watch\n\n\n> taro_template@1.0.0 build:h5\n> taro build --type h5 --watch\n\n","timestamp":1780840609678}
[21:56:50.052] [PAI SDK] Received event: log {"content":"👽 Taro v4.1.9\n\n","timestamp":1780840609903}
[21:56:50.931] [PAI SDK] Received event: log {"content":"Tips:\n1. 建议开启持久化缓存功能，能有效提升二次编译速度，详情请参考: https://docs.taro.zone/docs/config-detail#cache。\n\n\n","timestamp":1780840610782}
[21:56:52.665] [PAI SDK] Received event: log {"content":"ℹ 预览端口 10086 被占用, 自动切换到空闲端口 10087\n","timestamp":1780840612515}
[21:56:53.013] [PAI SDK] Received event: log {"content":"- 即将开始启动编译，请稍等~\n","timestamp":1780840612864}
[21:57:06.699] [PAI SDK] Received event: log {"content":"✅  编译成功 6/7/2026, 9:57:06 PM\n\n","timestamp":1780840626550}
[21:57:06.700] [PAI SDK] cloudServer.start response: {
  "status": "running",
  "msg": "Cloud Server started successfully.",
  "hash": "pai-preview-trae-7f15225b"
}
[21:57:06.803] [PAI SDK] Received event: log {"content":"\nℹ️  Listening at http://9.105.171.103:10087/\n\n监听文件修改中...\n\n","timestamp":1780840626654}
[21:57:08.069] [Preview Server] Frontend connected, clients size = 2
[21:57:08.070] Sending cached status to new connection, lastStatusMessage = {"event":"status_change","message":{"url":"https://sd62opo6oqou1ckhsuo00.apigateway-cn-beijing.volceapi.com/?faasInstanceName=vefaas-f0vkicge-pyw70jixna-d8incqg2ru0lkmpibtp0-sandbox&hash=pai-preview-trae-7f15225b","schema":"aipa://preview?type=pai&aipa_id=pai-preview-trae-7f15225b&uuid=35d1b86e-7dda-48b9-8044-3f222387aa7b","status":"running","msg":"Cloud Server started successfully.","framework":"taro"}}
[21:57:08.196] [Preview Server] Frontend disconnected, clients size = 2
[21:57:08.240] [Preview Server] Frontend connected, clients size = 2
[21:57:08.241] Sending cached status to new connection, lastStatusMessage = {"event":"status_change","message":{"url":"https://sd62opo6oqou1ckhsuo00.apigateway-cn-beijing.volceapi.com/?faasInstanceName=vefaas-f0vkicge-pyw70jixna-d8incqg2ru0lkmpibtp0-sandbox&hash=pai-preview-trae-7f15225b","schema":"aipa://preview?type=pai&aipa_id=pai-preview-trae-7f15225b&uuid=35d1b86e-7dda-48b9-8044-3f222387aa7b","status":"running","msg":"Cloud Server started successfully.","framework":"taro"}}
[22:02:43.001] [Preview Server] Frontend disconnected, clients size = 2
[22:05:43.053] File change detected. Updating...
[22:05:43.061] readProjectFiles, Found 42 files to read.
[22:05:43.080] Files read. Count: 42
[22:05:43.080] Calling pai.updateCloudDev...
[22:05:43.081] [PAI SDK] cloudServer.update called, appId: pai-preview-trae-7f15225b
[22:05:43.220] [PAI SDK] Received event: reload {"url":"aipa://pai-preview-trae-7f15225b.aipa-cloud.bytedance.net?type=pai","timestamp":1780841143069}
[22:05:43.220] [PAI SDK] CloudServer received reload event: {"url":"aipa://pai-preview-trae-7f15225b.aipa-cloud.bytedance.net?type=pai","timestamp":1780841143069}
[22:05:43.221] [PAI SDK] reload, url = https://sd62opo6oqou1ckhsuo00.apigateway-cn-beijing.volceapi.com/?faasInstanceName=vefaas-f0vkicge-pyw70jixna-d8incqg2ru0lkmpibtp0-sandbox&hash=pai-preview-trae-7f15225b
[22:05:43.221] [PAI SDK] cloudServer.update response: {
  "status": "running",
  "reload": false,
  "hash": "pai-preview-trae-7f15225b"
}
[22:05:43.221] Update success (pai.updateCloudDev returned)
[22:05:43.263] [PAI SDK] Received event: log {"content":"<i> [webpack-dev-middleware] wait until bundle finished: /\n","timestamp":1780841143108}
[22:05:44.821] [PAI SDK] Received event: log {"content":"✅  编译成功 6/7/2026, 10:05:44 PM\n\n","timestamp":1780841144668}
[22:08:00.638] File change detected. Updating...
[22:08:00.648] readProjectFiles, Found 42 files to read.
[22:08:00.666] Files read. Count: 42
[22:08:00.666] Calling pai.updateCloudDev...
[22:08:00.666] [PAI SDK] cloudServer.update called, appId: pai-preview-trae-7f15225b
[22:08:00.781] [PAI SDK] Received event: reload {"url":"aipa://pai-preview-trae-7f15225b.aipa-cloud.bytedance.net?type=pai","timestamp":1780841280628}
[22:08:00.781] [PAI SDK] CloudServer received reload event: {"url":"aipa://pai-preview-trae-7f15225b.aipa-cloud.bytedance.net?type=pai","timestamp":1780841280628}
[22:08:00.782] [PAI SDK] reload, url = https://sd62opo6oqou1ckhsuo00.apigateway-cn-beijing.volceapi.com/?faasInstanceName=vefaas-f0vkicge-pyw70jixna-d8incqg2ru0lkmpibtp0-sandbox&hash=pai-preview-trae-7f15225b
[22:08:00.782] [PAI SDK] cloudServer.update response: {
  "status": "running",
  "reload": false,
  "hash": "pai-preview-trae-7f15225b"
}
[22:08:00.782] Update success (pai.updateCloudDev returned)
[22:08:00.817] [PAI SDK] Received event: log {"content":"<i> [webpack-dev-middleware] wait until bundle finished: /\n","timestamp":1780841280665}
[22:08:02.181] [PAI SDK] Received event: log {"content":"✅  编译成功 6/7/2026, 10:08:02 PM\n\n","timestamp":1780841282030}
[22:08:21.711] File change detected. Updating...
[22:08:21.717] readProjectFiles, Found 42 files to read.
[22:08:21.729] Files read. Count: 42
[22:08:21.729] Calling pai.updateCloudDev...
[22:08:21.730] [PAI SDK] cloudServer.update called, appId: pai-preview-trae-7f15225b
[22:08:21.886] [PAI SDK] Received event: server_exit_abnormal {"content":"Cloud Server exited with code -1","timestamp":1780841301735}
[22:08:21.887] [PAI SDK] Server exited abnormally, cleaning up...
[22:15:01.198] File change detected. Updating...
[22:15:01.204] readProjectFiles, Found 43 files to read.
[22:15:01.226] Files read. Count: 43
[22:15:01.226] Calling pai.updateCloudDev...
[22:15:01.226] [PAI SDK] Sandbox disconnected, recreating...
[22:15:28.107] File change detected. Updating...
[22:15:28.112] readProjectFiles, Found 43 files to read.
[22:15:28.126] Files read. Count: 43
[22:15:28.126] Calling pai.updateCloudDev...
[22:15:28.126] [PAI SDK] cloudServer.update called, appId: pai-preview-trae-7f15225b
[22:15:28.433] [PAI SDK] Received event: reload {"url":"aipa://pai-preview-trae-7f15225b.aipa-cloud.bytedance.net?type=pai","timestamp":1780841728281}
[22:15:28.433] [PAI SDK] CloudServer received reload event: {"url":"aipa://pai-preview-trae-7f15225b.aipa-cloud.bytedance.net?type=pai","timestamp":1780841728281}
[22:15:28.433] [PAI SDK] reload, url = https://sd62opo6oqou1ckhsuo00.apigateway-cn-beijing.volceapi.com/?faasInstanceName=vefaas-f0vkicge-pyw70jixna-d8incqg2ru0lkmpibtp0-sandbox&hash=pai-preview-trae-7f15225b
[22:15:28.433] [PAI SDK] cloudServer.update response: {
  "status": "running",
  "reload": false,
  "hash": "pai-preview-trae-7f15225b"
}
[22:15:28.434] Update success (pai.updateCloudDev returned)
[22:15:48.814] File change detected. Updating...
[22:15:48.820] readProjectFiles, Found 43 files to read.
[22:15:48.835] Files read. Count: 43
[22:15:48.835] Calling pai.updateCloudDev...
[22:15:48.835] [PAI SDK] cloudServer.update called, appId: pai-preview-trae-7f15225b
[22:15:49.067] [PAI SDK] Received event: reload {"url":"aipa://pai-preview-trae-7f15225b.aipa-cloud.bytedance.net?type=pai","timestamp":1780841748915}
[22:15:49.068] [PAI SDK] CloudServer received reload event: {"url":"aipa://pai-preview-trae-7f15225b.aipa-cloud.bytedance.net?type=pai","timestamp":1780841748915}
[22:15:49.068] [PAI SDK] reload, url = https://sd62opo6oqou1ckhsuo00.apigateway-cn-beijing.volceapi.com/?faasInstanceName=vefaas-f0vkicge-pyw70jixna-d8incqg2ru0lkmpibtp0-sandbox&hash=pai-preview-trae-7f15225b
[22:15:49.068] [PAI SDK] cloudServer.update response: {
  "status": "running",
  "reload": false,
  "hash": "pai-preview-trae-7f15225b"
}
[22:15:49.068] Update success (pai.updateCloudDev returned)
[22:16:15.081] File change detected. Updating...
[22:16:15.085] readProjectFiles, Found 43 files to read.
[22:16:15.100] Files read. Count: 43
[22:16:15.100] Calling pai.updateCloudDev...
[22:16:15.101] [PAI SDK] cloudServer.update called, appId: pai-preview-trae-7f15225b
[22:16:15.599] [PAI SDK] Received event: reload {"url":"aipa://pai-preview-trae-7f15225b.aipa-cloud.bytedance.net?type=pai","timestamp":1780841775447}
[22:16:15.600] [PAI SDK] CloudServer received reload event: {"url":"aipa://pai-preview-trae-7f15225b.aipa-cloud.bytedance.net?type=pai","timestamp":1780841775447}
[22:16:15.600] [PAI SDK] reload, url = https://sd62opo6oqou1ckhsuo00.apigateway-cn-beijing.volceapi.com/?faasInstanceName=vefaas-f0vkicge-pyw70jixna-d8incqg2ru0lkmpibtp0-sandbox&hash=pai-preview-trae-7f15225b
[22:16:15.601] [PAI SDK] cloudServer.update response: {
  "status": "running",
  "reload": false,
  "hash": "pai-preview-trae-7f15225b"
}
[22:16:15.601] Update success (pai.updateCloudDev returned)
[22:21:23.851] [PAI SDK] Received event: log {"content":"\n> taro_template@1.0.0 dev:h5\n> npm run build:h5 -- --watch\n\n\n> taro_template@1.0.0 build:h5\n> taro build --type h5 --watch\n\n","timestamp":1780842083699}
[22:21:24.100] [PAI SDK] Received event: log {"content":"👽 Taro v4.1.9\n\n","timestamp":1780842083944}
[22:21:25.057] [PAI SDK] Received event: log {"content":"Tips:\n1. 建议开启持久化缓存功能，能有效提升二次编译速度，详情请参考: https://docs.taro.zone/docs/config-detail#cache。\n\n\n","timestamp":1780842084905}
[22:21:25.761] [PAI SDK] Received event: log {"content":"ℹ 预览端口 10086 被占用, 自动切换到空闲端口 10087\n","timestamp":1780842085608}
[22:21:26.040] [PAI SDK] Received event: log {"content":"- 即将开始启动编译，请稍等~\n","timestamp":1780842085887}
[22:21:40.545] [PAI SDK] Received event: log {"content":"✅  编译成功 6/7/2026, 10:21:40 PM\n\n","timestamp":1780842100393}
[22:21:40.555] [PAI SDK] Sandbox recreated, sandboxId: vefaas-f0vkicge-pyw70jixna-d8incqg2ru0lkmpibtp0-sandbox
[22:21:40.555] [PAI SDK] cloudServer.update called, appId: pai-preview-trae-7f15225b
[22:21:40.656] [PAI SDK] Received event: log {"content":"\nℹ️  Listening at http://9.105.171.103:10087/\n\n监听文件修改中...\n\n","timestamp":1780842100501}
[22:21:40.910] [PAI SDK] Received event: reload {"url":"aipa://pai-preview-trae-7f15225b.aipa-cloud.bytedance.net?type=pai","timestamp":1780842100757}
[22:21:40.910] [PAI SDK] CloudServer received reload event: {"url":"aipa://pai-preview-trae-7f15225b.aipa-cloud.bytedance.net?type=pai","timestamp":1780842100757}
[22:21:40.910] [PAI SDK] reload, url = https://sd62opo6oqou1ckhsuo00.apigateway-cn-beijing.volceapi.com/?faasInstanceName=vefaas-f0vkicge-pyw70jixna-d8incqg2ru0lkmpibtp0-sandbox&hash=pai-preview-trae-7f15225b
[22:21:40.910] [PAI SDK] cloudServer.update response: {
  "status": "running",
  "reload": false,
  "hash": "pai-preview-trae-7f15225b"
}
[22:21:40.910] Update success (pai.updateCloudDev returned)
[22:21:40.942] [PAI SDK] Received event: log {"content":"<i> [webpack-dev-middleware] wait until bundle finished: /\n","timestamp":1780842100790}
[22:21:42.101] [PAI SDK] Received event: log {"content":"✅  编译成功 6/7/2026, 10:21:41 PM\n\n","timestamp":1780842101948}
[22:25:36.077] [PAI SDK] Received event: log {"content":"\n> taro_template@1.0.0 dev:h5\n> npm run build:h5 -- --watch\n\n\n> taro_template@1.0.0 build:h5\n> taro build --type h5 --watch\n\n","timestamp":1780842335924}
[22:25:36.353] [PAI SDK] Received event: log {"content":"👽 Taro v4.1.9\n\n","timestamp":1780842336173}
[22:25:37.304] [PAI SDK] Received event: log {"content":"Tips:\n1. 建议开启持久化缓存功能，能有效提升二次编译速度，详情请参考: https://docs.taro.zone/docs/config-detail#cache。\n\n\n","timestamp":1780842337150}
[22:25:37.992] [PAI SDK] Received event: log {"content":"ℹ 预览端口 10086 被占用, 自动切换到空闲端口 10088\n","timestamp":1780842337838}
[22:25:38.286] [PAI SDK] Received event: log {"content":"- 即将开始启动编译，请稍等~\n","timestamp":1780842338133}
[22:25:52.397] [PAI SDK] Received event: log {"content":"✅  编译成功 6/7/2026, 10:25:52 PM\n\n","timestamp":1780842352244}
[22:25:52.399] [PAI SDK] cloudServer.update response: {
  "status": "running",
  "reload": true,
  "hash": "pai-preview-trae-7f15225b"
}
[22:25:52.400] Update success (pai.updateCloudDev returned)
[23:01:57.649] File change detected. Updating...
[23:01:57.663] readProjectFiles, Found 43 files to read.
[23:01:57.728] Files read. Count: 43
[23:01:57.728] Calling pai.updateCloudDev...
[23:01:57.728] [PAI SDK] cloudServer.update called, appId: pai-preview-trae-7f15225b
[23:01:57.993] [PAI SDK] Received event: reload {"url":"aipa://pai-preview-trae-7f15225b.aipa-cloud.bytedance.net?type=pai","timestamp":1780844517834}
[23:01:57.994] [PAI SDK] CloudServer received reload event: {"url":"aipa://pai-preview-trae-7f15225b.aipa-cloud.bytedance.net?type=pai","timestamp":1780844517834}
[23:01:57.994] [PAI SDK] reload, url = https://sd62opo6oqou1ckhsuo00.apigateway-cn-beijing.volceapi.com/?faasInstanceName=vefaas-f0vkicge-pyw70jixna-d8incqg2ru0lkmpibtp0-sandbox&hash=pai-preview-trae-7f15225b
[23:01:57.994] [PAI SDK] cloudServer.update response: {
  "status": "running",
  "reload": false,
  "hash": "pai-preview-trae-7f15225b"
}
[23:01:57.994] Update success (pai.updateCloudDev returned)
[23:01:58.031] [PAI SDK] Received event: log {"content":"<i> [webpack-dev-middleware] wait until bundle finished: /\n","timestamp":1780844517872}
[23:02:00.005] [PAI SDK] Received event: log {"content":"✅  编译成功 6/7/2026, 11:01:59 PM\n\n","timestamp":1780844519846}
[23:02:37.080] File change detected. Updating...
[23:02:37.089] readProjectFiles, Found 43 files to read.
[23:02:37.104] Files read. Count: 43
[23:02:37.104] Calling pai.updateCloudDev...
[23:02:37.105] [PAI SDK] cloudServer.update called, appId: pai-preview-trae-7f15225b
[23:02:37.367] [PAI SDK] Received event: reload {"url":"aipa://pai-preview-trae-7f15225b.aipa-cloud.bytedance.net?type=pai","timestamp":1780844557207}
[23:02:37.368] [PAI SDK] CloudServer received reload event: {"url":"aipa://pai-preview-trae-7f15225b.aipa-cloud.bytedance.net?type=pai","timestamp":1780844557207}
[23:02:37.368] [PAI SDK] reload, url = https://sd62opo6oqou1ckhsuo00.apigateway-cn-beijing.volceapi.com/?faasInstanceName=vefaas-f0vkicge-pyw70jixna-d8incqg2ru0lkmpibtp0-sandbox&hash=pai-preview-trae-7f15225b
[23:02:37.368] [PAI SDK] cloudServer.update response: {
  "status": "running",
  "reload": false,
  "hash": "pai-preview-trae-7f15225b"
}
[23:02:37.368] Update success (pai.updateCloudDev returned)
[23:02:37.397] [PAI SDK] Received event: log {"content":"<i> [webpack-dev-middleware] wait until bundle finished: /\n","timestamp":1780844557238}
[23:02:38.720] [PAI SDK] Received event: log {"content":"✅  编译成功 6/7/2026, 11:02:38 PM\n\n","timestamp":1780844558560}
[23:02:43.914] File change detected. Updating...
[23:02:43.921] readProjectFiles, Found 43 files to read.
[23:02:43.935] Files read. Count: 43
[23:02:43.935] Calling pai.updateCloudDev...
[23:02:43.935] [PAI SDK] cloudServer.update called, appId: pai-preview-trae-7f15225b
[23:02:44.190] [PAI SDK] Received event: reload {"url":"aipa://pai-preview-trae-7f15225b.aipa-cloud.bytedance.net?type=pai","timestamp":1780844564030}
[23:02:44.191] [PAI SDK] CloudServer received reload event: {"url":"aipa://pai-preview-trae-7f15225b.aipa-cloud.bytedance.net?type=pai","timestamp":1780844564030}
[23:02:44.191] [PAI SDK] reload, url = https://sd62opo6oqou1ckhsuo00.apigateway-cn-beijing.volceapi.com/?faasInstanceName=vefaas-f0vkicge-pyw70jixna-d8incqg2ru0lkmpibtp0-sandbox&hash=pai-preview-trae-7f15225b
[23:02:44.191] [PAI SDK] cloudServer.update response: {
  "status": "running",
  "reload": false,
  "hash": "pai-preview-trae-7f15225b"
}
[23:02:44.191] Update success (pai.updateCloudDev returned)
[23:02:44.224] [PAI SDK] Received event: log {"content":"<i> [webpack-dev-middleware] wait until bundle finished: /\n","timestamp":1780844564064}
[23:02:45.494] [PAI SDK] Received event: log {"content":"✅  编译成功 6/7/2026, 11:02:45 PM\n\n","timestamp":1780844565335}
[23:04:35.672] File change detected. Updating...
[23:04:35.677] readProjectFiles, Found 43 files to read.
[23:04:35.695] Files read. Count: 43
[23:04:35.696] Calling pai.updateCloudDev...
[23:04:35.696] [PAI SDK] cloudServer.update called, appId: pai-preview-trae-7f15225b
[23:04:35.963] [PAI SDK] Received event: reload {"url":"aipa://pai-preview-trae-7f15225b.aipa-cloud.bytedance.net?type=pai","timestamp":1780844675802}
[23:04:35.964] [PAI SDK] CloudServer received reload event: {"url":"aipa://pai-preview-trae-7f15225b.aipa-cloud.bytedance.net?type=pai","timestamp":1780844675802}
[23:04:35.964] [PAI SDK] reload, url = https://sd62opo6oqou1ckhsuo00.apigateway-cn-beijing.volceapi.com/?faasInstanceName=vefaas-f0vkicge-pyw70jixna-d8incqg2ru0lkmpibtp0-sandbox&hash=pai-preview-trae-7f15225b
[23:04:35.964] [PAI SDK] cloudServer.update response: {
  "status": "running",
  "reload": false,
  "hash": "pai-preview-trae-7f15225b"
}
[23:04:35.964] Update success (pai.updateCloudDev returned)
[23:04:35.992] [PAI SDK] Received event: log {"content":"<i> [webpack-dev-middleware] wait until bundle finished: /\n","timestamp":1780844675832}
[23:04:37.451] [PAI SDK] Received event: log {"content":"✅  编译成功 6/7/2026, 11:04:37 PM\n\n","timestamp":1780844677291}
[23:05:01.374] File change detected. Updating...
[23:05:01.378] readProjectFiles, Found 43 files to read.
[23:05:01.391] Files read. Count: 43
[23:05:01.391] Calling pai.updateCloudDev...
[23:05:01.392] [PAI SDK] cloudServer.update called, appId: pai-preview-trae-7f15225b
[23:05:01.629] [PAI SDK] Received event: reload {"url":"aipa://pai-preview-trae-7f15225b.aipa-cloud.bytedance.net?type=pai","timestamp":1780844701469}
[23:05:01.629] [PAI SDK] CloudServer received reload event: {"url":"aipa://pai-preview-trae-7f15225b.aipa-cloud.bytedance.net?type=pai","timestamp":1780844701469}
[23:05:01.629] [PAI SDK] reload, url = https://sd62opo6oqou1ckhsuo00.apigateway-cn-beijing.volceapi.com/?faasInstanceName=vefaas-f0vkicge-pyw70jixna-d8incqg2ru0lkmpibtp0-sandbox&hash=pai-preview-trae-7f15225b
[23:05:01.630] [PAI SDK] cloudServer.update response: {
  "status": "running",
  "reload": false,
  "hash": "pai-preview-trae-7f15225b"
}
[23:05:01.630] Update success (pai.updateCloudDev returned)
[23:05:01.658] [PAI SDK] Received event: log {"content":"<i> [webpack-dev-middleware] wait until bundle finished: /\n","timestamp":1780844701499}
[23:05:03.158] [PAI SDK] Received event: log {"content":"✅  编译成功 6/7/2026, 11:05:02 PM\n\n","timestamp":1780844702998}
[23:07:20.794] [Preview Server] Frontend disconnected, clients size = 1
[23:11:43.277] File change detected. Updating...
[23:11:43.283] readProjectFiles, Found 43 files to read.
[23:11:43.298] Files read. Count: 43
[23:11:43.299] Calling pai.updateCloudDev...
[23:11:43.299] [PAI SDK] cloudServer.update called, appId: pai-preview-trae-7f15225b
[23:11:43.579] [PAI SDK] Received event: reload {"url":"aipa://pai-preview-trae-7f15225b.aipa-cloud.bytedance.net?type=pai","timestamp":1780845103418}
[23:11:43.580] [PAI SDK] CloudServer received reload event: {"url":"aipa://pai-preview-trae-7f15225b.aipa-cloud.bytedance.net?type=pai","timestamp":1780845103418}
[23:11:43.580] [PAI SDK] reload, url = https://sd62opo6oqou1ckhsuo00.apigateway-cn-beijing.volceapi.com/?faasInstanceName=vefaas-f0vkicge-pyw70jixna-d8incqg2ru0lkmpibtp0-sandbox&hash=pai-preview-trae-7f15225b
[23:11:43.580] [PAI SDK] cloudServer.update response: {
  "status": "running",
  "reload": false,
  "hash": "pai-preview-trae-7f15225b"
}
[23:11:43.580] Update success (pai.updateCloudDev returned)
[23:11:44.968] [PAI SDK] Received event: log {"content":"✅  编译成功 6/7/2026, 11:11:44 PM\n\n","timestamp":1780845104806}
[23:11:45.298] File change detected. Updating...
[23:11:45.303] readProjectFiles, Found 43 files to read.
[23:11:45.316] Files read. Count: 43
[23:11:45.316] Calling pai.updateCloudDev...
[23:11:45.316] [PAI SDK] cloudServer.update called, appId: pai-preview-trae-7f15225b
[23:11:45.567] [PAI SDK] Received event: reload {"url":"aipa://pai-preview-trae-7f15225b.aipa-cloud.bytedance.net?type=pai","timestamp":1780845105406}
[23:11:45.567] [PAI SDK] CloudServer received reload event: {"url":"aipa://pai-preview-trae-7f15225b.aipa-cloud.bytedance.net?type=pai","timestamp":1780845105406}
[23:11:45.567] [PAI SDK] reload, url = https://sd62opo6oqou1ckhsuo00.apigateway-cn-beijing.volceapi.com/?faasInstanceName=vefaas-f0vkicge-pyw70jixna-d8incqg2ru0lkmpibtp0-sandbox&hash=pai-preview-trae-7f15225b
[23:11:45.567] [PAI SDK] cloudServer.update response: {
  "status": "running",
  "reload": false,
  "hash": "pai-preview-trae-7f15225b"
}
[23:11:45.567] Update success (pai.updateCloudDev returned)
[23:11:46.490] [PAI SDK] Received event: log {"content":"✅  编译成功 6/7/2026, 11:11:46 PM\n\n","timestamp":1780845106328}
[23:12:40.956] File change detected. Updating...
[23:12:40.960] readProjectFiles, Found 43 files to read.
[23:12:40.973] Files read. Count: 43
[23:12:40.974] Calling pai.updateCloudDev...
[23:12:40.974] [PAI SDK] cloudServer.update called, appId: pai-preview-trae-7f15225b
[23:12:41.199] [PAI SDK] Received event: reload {"url":"aipa://pai-preview-trae-7f15225b.aipa-cloud.bytedance.net?type=pai","timestamp":1780845161038}
[23:12:41.199] [PAI SDK] CloudServer received reload event: {"url":"aipa://pai-preview-trae-7f15225b.aipa-cloud.bytedance.net?type=pai","timestamp":1780845161038}
[23:12:41.200] [PAI SDK] reload, url = https://sd62opo6oqou1ckhsuo00.apigateway-cn-beijing.volceapi.com/?faasInstanceName=vefaas-f0vkicge-pyw70jixna-d8incqg2ru0lkmpibtp0-sandbox&hash=pai-preview-trae-7f15225b
[23:12:41.200] [PAI SDK] cloudServer.update response: {
  "status": "running",
  "reload": false,
  "hash": "pai-preview-trae-7f15225b"
}
[23:12:41.200] Update success (pai.updateCloudDev returned)
[23:12:42.337] [PAI SDK] Received event: log {"content":"✅  编译成功 6/7/2026, 11:12:42 PM\n\n","timestamp":1780845162176}
[23:12:46.216] File change detected. Updating...
[23:12:46.221] readProjectFiles, Found 49 files to read.
[23:12:46.237] Files read. Count: 49
[23:12:46.237] Calling pai.updateCloudDev...
[23:12:46.238] [PAI SDK] cloudServer.update called, appId: pai-preview-trae-7f15225b
[23:12:46.483] [PAI SDK] Received event: reload {"url":"aipa://pai-preview-trae-7f15225b.aipa-cloud.bytedance.net?type=pai","timestamp":1780845166322}
[23:12:46.484] [PAI SDK] CloudServer received reload event: {"url":"aipa://pai-preview-trae-7f15225b.aipa-cloud.bytedance.net?type=pai","timestamp":1780845166322}
[23:12:46.484] [PAI SDK] reload, url = https://sd62opo6oqou1ckhsuo00.apigateway-cn-beijing.volceapi.com/?faasInstanceName=vefaas-f0vkicge-pyw70jixna-d8incqg2ru0lkmpibtp0-sandbox&hash=pai-preview-trae-7f15225b
[23:12:46.484] [PAI SDK] cloudServer.update response: {
  "status": "running",
  "reload": false,
  "hash": "pai-preview-trae-7f15225b"
}
[23:12:46.484] Update success (pai.updateCloudDev returned)
[23:12:47.389] [PAI SDK] Received event: log {"content":"✅  编译成功 6/7/2026, 11:12:47 PM\n\n","timestamp":1780845167228}
[23:14:42.404] File change detected. Updating...
[23:14:42.409] readProjectFiles, Found 49 files to read.
[23:14:42.423] Files read. Count: 49
[23:14:42.423] Calling pai.updateCloudDev...
[23:14:42.424] [PAI SDK] cloudServer.update called, appId: pai-preview-trae-7f15225b
[23:14:42.692] [PAI SDK] Received event: reload {"url":"aipa://pai-preview-trae-7f15225b.aipa-cloud.bytedance.net?type=pai","timestamp":1780845282531}
[23:14:42.692] [PAI SDK] CloudServer received reload event: {"url":"aipa://pai-preview-trae-7f15225b.aipa-cloud.bytedance.net?type=pai","timestamp":1780845282531}
[23:14:42.693] [PAI SDK] reload, url = https://sd62opo6oqou1ckhsuo00.apigateway-cn-beijing.volceapi.com/?faasInstanceName=vefaas-f0vkicge-pyw70jixna-d8incqg2ru0lkmpibtp0-sandbox&hash=pai-preview-trae-7f15225b
[23:14:42.693] [PAI SDK] cloudServer.update response: {
  "status": "running",
  "reload": false,
  "hash": "pai-preview-trae-7f15225b"
}
[23:14:42.693] Update success (pai.updateCloudDev returned)
[23:14:44.294] [PAI SDK] Received event: log {"content":"✅  编译成功 6/7/2026, 11:14:44 PM\n\n","timestamp":1780845284132}
[23:15:34.375] File change detected. Updating...
[23:15:34.380] readProjectFiles, Found 49 files to read.
[23:15:34.395] Files read. Count: 49
[23:15:34.395] Calling pai.updateCloudDev...
[23:15:34.396] [PAI SDK] cloudServer.update called, appId: pai-preview-trae-7f15225b
[23:15:34.787] [PAI SDK] Received event: reload {"url":"aipa://pai-preview-trae-7f15225b.aipa-cloud.bytedance.net?type=pai","timestamp":1780845334624}
[23:15:34.787] [PAI SDK] CloudServer received reload event: {"url":"aipa://pai-preview-trae-7f15225b.aipa-cloud.bytedance.net?type=pai","timestamp":1780845334624}
[23:15:34.787] [PAI SDK] reload, url = https://sd62opo6oqou1ckhsuo00.apigateway-cn-beijing.volceapi.com/?faasInstanceName=vefaas-f0vkicge-pyw70jixna-d8incqg2ru0lkmpibtp0-sandbox&hash=pai-preview-trae-7f15225b
[23:15:34.787] [PAI SDK] cloudServer.update response: {
  "status": "running",
  "reload": false,
  "hash": "pai-preview-trae-7f15225b"
}
[23:15:34.787] Update success (pai.updateCloudDev returned)
[23:15:35.682] [PAI SDK] Received event: log {"content":"✅  编译成功 6/7/2026, 11:15:35 PM\n\n","timestamp":1780845335520}
[23:18:13.959] File change detected. Updating...
[23:18:13.964] readProjectFiles, Found 49 files to read.
[23:18:13.979] Files read. Count: 49
[23:18:13.979] Calling pai.updateCloudDev...
[23:18:13.979] [PAI SDK] cloudServer.update called, appId: pai-preview-trae-7f15225b
[23:18:14.987] [PAI SDK] Received event: reload {"url":"aipa://pai-preview-trae-7f15225b.aipa-cloud.bytedance.net?type=pai","timestamp":1780845494823}
[23:18:14.987] [PAI SDK] CloudServer received reload event: {"url":"aipa://pai-preview-trae-7f15225b.aipa-cloud.bytedance.net?type=pai","timestamp":1780845494823}
[23:18:14.987] [PAI SDK] reload, url = https://sd62opo6oqou1ckhsuo00.apigateway-cn-beijing.volceapi.com/?faasInstanceName=vefaas-f0vkicge-pyw70jixna-d8incqg2ru0lkmpibtp0-sandbox&hash=pai-preview-trae-7f15225b
[23:18:14.987] [PAI SDK] cloudServer.update response: {
  "status": "running",
  "reload": false,
  "hash": "pai-preview-trae-7f15225b"
}
[23:18:14.988] Update success (pai.updateCloudDev returned)
[23:18:16.673] [PAI SDK] Received event: log {"content":"✅  编译成功 6/7/2026, 11:18:16 PM\n\n","timestamp":1780845496511}
[23:19:39.852] File change detected. Updating...
[23:19:39.859] readProjectFiles, Found 49 files to read.
[23:19:39.885] Files read. Count: 49
[23:19:39.885] Calling pai.updateCloudDev...
[23:19:39.886] [PAI SDK] cloudServer.update called, appId: pai-preview-trae-7f15225b
[23:19:41.010] [PAI SDK] Received event: reload {"url":"aipa://pai-preview-trae-7f15225b.aipa-cloud.bytedance.net?type=pai","timestamp":1780845580847}
[23:19:41.011] [PAI SDK] CloudServer received reload event: {"url":"aipa://pai-preview-trae-7f15225b.aipa-cloud.bytedance.net?type=pai","timestamp":1780845580847}
[23:19:41.011] [PAI SDK] reload, url = https://sd62opo6oqou1ckhsuo00.apigateway-cn-beijing.volceapi.com/?faasInstanceName=vefaas-f0vkicge-pyw70jixna-d8incqg2ru0lkmpibtp0-sandbox&hash=pai-preview-trae-7f15225b
[23:19:41.011] [PAI SDK] cloudServer.update response: {
  "status": "running",
  "reload": false,
  "hash": "pai-preview-trae-7f15225b"
}
[23:19:41.011] Update success (pai.updateCloudDev returned)
[23:19:42.485] [PAI SDK] Received event: log {"content":"✅  编译成功 6/7/2026, 11:19:42 PM\n\n","timestamp":1780845582322}
[23:22:32.343] File change detected. Updating...
[23:22:32.348] readProjectFiles, Found 50 files to read.
[23:22:32.378] Files read. Count: 50
[23:22:32.378] Calling pai.updateCloudDev...
[23:22:32.378] [PAI SDK] cloudServer.update called, appId: pai-preview-trae-7f15225b
[23:22:33.080] [PAI SDK] Received event: reload {"url":"aipa://pai-preview-trae-7f15225b.aipa-cloud.bytedance.net?type=pai","timestamp":1780845752917}
[23:22:33.080] [PAI SDK] CloudServer received reload event: {"url":"aipa://pai-preview-trae-7f15225b.aipa-cloud.bytedance.net?type=pai","timestamp":1780845752917}
[23:22:33.080] [PAI SDK] reload, url = https://sd62opo6oqou1ckhsuo00.apigateway-cn-beijing.volceapi.com/?faasInstanceName=vefaas-f0vkicge-pyw70jixna-d8incqg2ru0lkmpibtp0-sandbox&hash=pai-preview-trae-7f15225b
[23:22:33.080] [PAI SDK] cloudServer.update response: {
  "status": "running",
  "reload": false,
  "hash": "pai-preview-trae-7f15225b"
}
[23:22:33.080] Update success (pai.updateCloudDev returned)
[23:22:34.531] [PAI SDK] Received event: log {"content":"✅  编译成功 6/7/2026, 11:22:34 PM\n\n","timestamp":1780845754366}
[23:24:39.309] File change detected. Updating...
[23:24:39.315] readProjectFiles, Found 51 files to read.
[23:24:39.329] Files read. Count: 51
[23:24:39.330] Calling pai.updateCloudDev...
[23:24:39.330] [PAI SDK] cloudServer.update called, appId: pai-preview-trae-7f15225b
[23:24:40.229] [PAI SDK] Received event: reload {"url":"aipa://pai-preview-trae-7f15225b.aipa-cloud.bytedance.net?type=pai","timestamp":1780845880065}
[23:24:40.229] [PAI SDK] CloudServer received reload event: {"url":"aipa://pai-preview-trae-7f15225b.aipa-cloud.bytedance.net?type=pai","timestamp":1780845880065}
[23:24:40.229] [PAI SDK] reload, url = https://sd62opo6oqou1ckhsuo00.apigateway-cn-beijing.volceapi.com/?faasInstanceName=vefaas-f0vkicge-pyw70jixna-d8incqg2ru0lkmpibtp0-sandbox&hash=pai-preview-trae-7f15225b
[23:24:40.229] [PAI SDK] cloudServer.update response: {
  "status": "running",
  "reload": false,
  "hash": "pai-preview-trae-7f15225b"
}
[23:24:40.230] Update success (pai.updateCloudDev returned)
[23:24:41.273] [PAI SDK] Received event: log {"content":"✅  编译成功 6/7/2026, 11:24:41 PM\n\n","timestamp":1780845881110}
[23:25:11.415] File change detected. Updating...
[23:25:11.420] readProjectFiles, Found 52 files to read.
[23:25:11.435] Files read. Count: 52
[23:25:11.436] Calling pai.updateCloudDev...
[23:25:11.436] [PAI SDK] cloudServer.update called, appId: pai-preview-trae-7f15225b
[23:25:12.372] [PAI SDK] Received event: reload {"url":"aipa://pai-preview-trae-7f15225b.aipa-cloud.bytedance.net?type=pai","timestamp":1780845912208}
[23:25:12.372] [PAI SDK] CloudServer received reload event: {"url":"aipa://pai-preview-trae-7f15225b.aipa-cloud.bytedance.net?type=pai","timestamp":1780845912208}
[23:25:12.372] [PAI SDK] reload, url = https://sd62opo6oqou1ckhsuo00.apigateway-cn-beijing.volceapi.com/?faasInstanceName=vefaas-f0vkicge-pyw70jixna-d8incqg2ru0lkmpibtp0-sandbox&hash=pai-preview-trae-7f15225b
[23:25:12.372] [PAI SDK] cloudServer.update response: {
  "status": "running",
  "reload": false,
  "hash": "pai-preview-trae-7f15225b"
}
[23:25:12.372] Update success (pai.updateCloudDev returned)
[23:25:13.237] [PAI SDK] Received event: log {"content":"✅  编译成功 6/7/2026, 11:25:13 PM\n\n","timestamp":1780845913074}
[23:25:25.296] File change detected. Updating...
[23:25:25.303] readProjectFiles, Found 52 files to read.
[23:25:25.321] Files read. Count: 52
[23:25:25.321] Calling pai.updateCloudDev...
[23:25:25.322] [PAI SDK] cloudServer.update called, appId: pai-preview-trae-7f15225b
[23:25:26.587] [PAI SDK] Received event: reload {"url":"aipa://pai-preview-trae-7f15225b.aipa-cloud.bytedance.net?type=pai","timestamp":1780845926424}
[23:25:26.587] [PAI SDK] CloudServer received reload event: {"url":"aipa://pai-preview-trae-7f15225b.aipa-cloud.bytedance.net?type=pai","timestamp":1780845926424}
[23:25:26.587] [PAI SDK] reload, url = https://sd62opo6oqou1ckhsuo00.apigateway-cn-beijing.volceapi.com/?faasInstanceName=vefaas-f0vkicge-pyw70jixna-d8incqg2ru0lkmpibtp0-sandbox&hash=pai-preview-trae-7f15225b
[23:25:26.588] [PAI SDK] cloudServer.update response: {
  "status": "running",
  "reload": false,
  "hash": "pai-preview-trae-7f15225b"
}
[23:25:26.588] Update success (pai.updateCloudDev returned)
[23:25:27.478] [PAI SDK] Received event: log {"content":"✅  编译成功 6/7/2026, 11:25:27 PM\n\n","timestamp":1780845927314}
[23:25:42.616] File change detected. Updating...
[23:25:42.623] readProjectFiles, Found 51 files to read.
[23:25:42.641] Files read. Count: 51
[23:25:42.641] Calling pai.updateCloudDev...
[23:25:42.641] [PAI SDK] cloudServer.update called, appId: pai-preview-trae-7f15225b
[23:25:44.179] [PAI SDK] Received event: reload {"url":"aipa://pai-preview-trae-7f15225b.aipa-cloud.bytedance.net?type=pai","timestamp":1780845944016}
[23:25:44.179] [PAI SDK] CloudServer received reload event: {"url":"aipa://pai-preview-trae-7f15225b.aipa-cloud.bytedance.net?type=pai","timestamp":1780845944016}
[23:25:44.180] [PAI SDK] reload, url = https://sd62opo6oqou1ckhsuo00.apigateway-cn-beijing.volceapi.com/?faasInstanceName=vefaas-f0vkicge-pyw70jixna-d8incqg2ru0lkmpibtp0-sandbox&hash=pai-preview-trae-7f15225b
[23:25:44.180] [PAI SDK] cloudServer.update response: {
  "status": "running",
  "reload": false,
  "hash": "pai-preview-trae-7f15225b"
}
[23:25:44.180] Update success (pai.updateCloudDev returned)
[23:25:44.997] [PAI SDK] Received event: log {"content":"✅  编译成功 6/7/2026, 11:25:44 PM\n\n","timestamp":1780845944833}
[23:32:24.279] File change detected. Updating...
[23:32:24.285] readProjectFiles, Found 51 files to read.
[23:32:24.305] Files read. Count: 51
[23:32:24.305] Calling pai.updateCloudDev...
[23:32:24.306] [PAI SDK] cloudServer.update called, appId: pai-preview-trae-7f15225b
[23:32:25.460] [PAI SDK] Received event: reload {"url":"aipa://pai-preview-trae-7f15225b.aipa-cloud.bytedance.net?type=pai","timestamp":1780846345295}
[23:32:25.460] [PAI SDK] CloudServer received reload event: {"url":"aipa://pai-preview-trae-7f15225b.aipa-cloud.bytedance.net?type=pai","timestamp":1780846345295}
[23:32:25.460] [PAI SDK] reload, url = https://sd62opo6oqou1ckhsuo00.apigateway-cn-beijing.volceapi.com/?faasInstanceName=vefaas-f0vkicge-pyw70jixna-d8incqg2ru0lkmpibtp0-sandbox&hash=pai-preview-trae-7f15225b
[23:32:25.461] [PAI SDK] cloudServer.update response: {
  "status": "running",
  "reload": false,
  "hash": "pai-preview-trae-7f15225b"
}
[23:32:25.461] Update success (pai.updateCloudDev returned)
[23:32:26.699] [PAI SDK] Received event: log {"content":"✅  编译成功 6/7/2026, 11:32:26 PM\n\n","timestamp":1780846346534}
[23:32:54.332] File change detected. Updating...
[23:32:54.337] readProjectFiles, Found 51 files to read.
[23:32:54.352] Files read. Count: 51
[23:32:54.353] Calling pai.updateCloudDev...
[23:32:54.353] [PAI SDK] cloudServer.update called, appId: pai-preview-trae-7f15225b
[23:32:54.901] [PAI SDK] Received event: reload {"url":"aipa://pai-preview-trae-7f15225b.aipa-cloud.bytedance.net?type=pai","timestamp":1780846374736}
[23:32:54.901] [PAI SDK] CloudServer received reload event: {"url":"aipa://pai-preview-trae-7f15225b.aipa-cloud.bytedance.net?type=pai","timestamp":1780846374736}
[23:32:54.901] [PAI SDK] reload, url = https://sd62opo6oqou1ckhsuo00.apigateway-cn-beijing.volceapi.com/?faasInstanceName=vefaas-f0vkicge-pyw70jixna-d8incqg2ru0lkmpibtp0-sandbox&hash=pai-preview-trae-7f15225b
[23:32:54.901] [PAI SDK] cloudServer.update response: {
  "status": "running",
  "reload": false,
  "hash": "pai-preview-trae-7f15225b"
}
[23:32:54.902] Update success (pai.updateCloudDev returned)
[23:32:57.085] [PAI SDK] Received event: log {"content":"✅  编译成功 6/7/2026, 11:32:56 PM\n\n","timestamp":1780846376910}
[23:33:14.329] File change detected. Updating...
[23:33:14.336] readProjectFiles, Found 51 files to read.
[23:33:14.354] Files read. Count: 51
[23:33:14.354] Calling pai.updateCloudDev...
[23:33:14.355] [PAI SDK] cloudServer.update called, appId: pai-preview-trae-7f15225b
[23:33:14.841] [PAI SDK] Received event: reload {"url":"aipa://pai-preview-trae-7f15225b.aipa-cloud.bytedance.net?type=pai","timestamp":1780846394676}
[23:33:14.842] [PAI SDK] CloudServer received reload event: {"url":"aipa://pai-preview-trae-7f15225b.aipa-cloud.bytedance.net?type=pai","timestamp":1780846394676}
[23:33:14.842] [PAI SDK] reload, url = https://sd62opo6oqou1ckhsuo00.apigateway-cn-beijing.volceapi.com/?faasInstanceName=vefaas-f0vkicge-pyw70jixna-d8incqg2ru0lkmpibtp0-sandbox&hash=pai-preview-trae-7f15225b
[23:33:14.842] [PAI SDK] cloudServer.update response: {
  "status": "running",
  "reload": false,
  "hash": "pai-preview-trae-7f15225b"
}
[23:33:14.842] Update success (pai.updateCloudDev returned)
[23:33:15.896] [PAI SDK] Received event: log {"content":"✅  编译成功 6/7/2026, 11:33:15 PM\n\n","timestamp":1780846395731}
[23:33:55.243] File change detected. Updating...
[23:33:55.248] readProjectFiles, Found 51 files to read.
[23:33:55.267] Files read. Count: 51
[23:33:55.267] Calling pai.updateCloudDev...
[23:33:55.268] [PAI SDK] cloudServer.update called, appId: pai-preview-trae-7f15225b
[23:33:55.710] [PAI SDK] Received event: reload {"url":"aipa://pai-preview-trae-7f15225b.aipa-cloud.bytedance.net?type=pai","timestamp":1780846435545}
[23:33:55.710] [PAI SDK] CloudServer received reload event: {"url":"aipa://pai-preview-trae-7f15225b.aipa-cloud.bytedance.net?type=pai","timestamp":1780846435545}
[23:33:55.711] [PAI SDK] reload, url = https://sd62opo6oqou1ckhsuo00.apigateway-cn-beijing.volceapi.com/?faasInstanceName=vefaas-f0vkicge-pyw70jixna-d8incqg2ru0lkmpibtp0-sandbox&hash=pai-preview-trae-7f15225b
[23:33:55.711] [PAI SDK] cloudServer.update response: {
  "status": "running",
  "reload": false,
  "hash": "pai-preview-trae-7f15225b"
}
[23:33:55.711] Update success (pai.updateCloudDev returned)
[23:33:57.601] [PAI SDK] Received event: log {"content":"✅  编译成功 6/7/2026, 11:33:57 PM\n\n","timestamp":1780846437436}
[23:34:16.454] File change detected. Updating...
[23:34:16.461] readProjectFiles, Found 51 files to read.
[23:34:16.480] Files read. Count: 51
[23:34:16.481] Calling pai.updateCloudDev...
[23:34:16.481] [PAI SDK] cloudServer.update called, appId: pai-preview-trae-7f15225b
[23:34:16.906] [PAI SDK] Received event: reload {"url":"aipa://pai-preview-trae-7f15225b.aipa-cloud.bytedance.net?type=pai","timestamp":1780846456740}
[23:34:16.906] [PAI SDK] CloudServer received reload event: {"url":"aipa://pai-preview-trae-7f15225b.aipa-cloud.bytedance.net?type=pai","timestamp":1780846456740}
[23:34:16.906] [PAI SDK] reload, url = https://sd62opo6oqou1ckhsuo00.apigateway-cn-beijing.volceapi.com/?faasInstanceName=vefaas-f0vkicge-pyw70jixna-d8incqg2ru0lkmpibtp0-sandbox&hash=pai-preview-trae-7f15225b
[23:34:16.907] [PAI SDK] cloudServer.update response: {
  "status": "running",
  "reload": false,
  "hash": "pai-preview-trae-7f15225b"
}
[23:34:16.907] Update success (pai.updateCloudDev returned)
[23:34:18.020] [PAI SDK] Received event: log {"content":"✅  编译成功 6/7/2026, 11:34:17 PM\n\n","timestamp":1780846457855}
[23:34:32.707] File change detected. Updating...
[23:34:32.715] readProjectFiles, Found 51 files to read.
[23:34:32.735] Files read. Count: 51
[23:34:32.736] Calling pai.updateCloudDev...
[23:34:32.737] [PAI SDK] cloudServer.update called, appId: pai-preview-trae-7f15225b
[23:34:33.116] [PAI SDK] Received event: reload {"url":"aipa://pai-preview-trae-7f15225b.aipa-cloud.bytedance.net?type=pai","timestamp":1780846472951}
[23:34:33.117] [PAI SDK] CloudServer received reload event: {"url":"aipa://pai-preview-trae-7f15225b.aipa-cloud.bytedance.net?type=pai","timestamp":1780846472951}
[23:34:33.117] [PAI SDK] reload, url = https://sd62opo6oqou1ckhsuo00.apigateway-cn-beijing.volceapi.com/?faasInstanceName=vefaas-f0vkicge-pyw70jixna-d8incqg2ru0lkmpibtp0-sandbox&hash=pai-preview-trae-7f15225b
[23:34:33.117] [PAI SDK] cloudServer.update response: {
  "status": "running",
  "reload": false,
  "hash": "pai-preview-trae-7f15225b"
}
[23:34:33.117] Update success (pai.updateCloudDev returned)
[23:34:34.107] [PAI SDK] Received event: log {"content":"✅  编译成功 6/7/2026, 11:34:33 PM\n\n","timestamp":1780846473940}
[23:34:46.717] File change detected. Updating...
[23:34:46.725] readProjectFiles, Found 51 files to read.
[23:34:46.752] Files read. Count: 51
[23:34:46.752] Calling pai.updateCloudDev...
[23:34:46.753] [PAI SDK] cloudServer.update called, appId: pai-preview-trae-7f15225b
[23:34:47.127] [PAI SDK] Received event: reload {"url":"aipa://pai-preview-trae-7f15225b.aipa-cloud.bytedance.net?type=pai","timestamp":1780846486962}
[23:34:47.128] [PAI SDK] CloudServer received reload event: {"url":"aipa://pai-preview-trae-7f15225b.aipa-cloud.bytedance.net?type=pai","timestamp":1780846486962}
[23:34:47.128] [PAI SDK] reload, url = https://sd62opo6oqou1ckhsuo00.apigateway-cn-beijing.volceapi.com/?faasInstanceName=vefaas-f0vkicge-pyw70jixna-d8incqg2ru0lkmpibtp0-sandbox&hash=pai-preview-trae-7f15225b
[23:34:47.128] [PAI SDK] cloudServer.update response: {
  "status": "running",
  "reload": false,
  "hash": "pai-preview-trae-7f15225b"
}
[23:34:47.128] Update success (pai.updateCloudDev returned)
[23:34:48.084] [PAI SDK] Received event: log {"content":"✅  编译成功 6/7/2026, 11:34:47 PM\n\n","timestamp":1780846487919}
